Detecting compiler hash for triplet x64-windows...
Compiler found: C:/Program Files/Microsoft Visual Studio/2022/Community/VC/Tools/MSVC/14.44.35207/bin/Hostx64/x64/cl.exe
The following packages are already installed:
  * vcpkg-cmake:x64-windows@2024-04-23 -- git+https://github.com/microsoft/vcpkg@e74aa1e8f93278a8e71372f1fa08c3df420eb840
  * vcpkg-cmake-config:x64-windows@2024-05-23 -- git+https://github.com/microsoft/vcpkg@97a63e4bc1a17422ffe4eff71da53b4b561a7841
The following packages will be built and installed:
    gtest:x64-windows@1.16.0 -- git+https://github.com/microsoft/vcpkg@7448391582abd4a7d61248894ef2979c8f065813
    openssl:x64-windows@3.4.1 -- git+https://github.com/microsoft/vcpkg@d740be74dc7940c2b88e69db0b2d181024e1028c
  * vcpkg-cmake-get-vars:x64-windows@2024-09-22 -- git+https://github.com/microsoft/vcpkg@f23148add155147f3d95ae622d3b0031beb25acf
Additional packages (*) will be modified to complete this operation.
Restored 0 package(s) from C:\Users\gersan.munoz\AppData\Local\vcpkg\archives in 94.2 us. Use --debug to see more details.
Installing 1/3 gtest:x64-windows@1.16.0...
Building gtest:x64-windows@1.16.0...
C:\Users\gersan.munoz\AppData\Local\vcpkg\registries\git-trees\7448391582abd4a7d61248894ef2979c8f065813: info: installing from git registry git+https://github.com/microsoft/vcpkg@7448391582abd4a7d61248894ef2979c8f065813
-- Using cached google-googletest-v1.16.0.tar.gz
-- Cleaning sources at C:/Users/gersan.munoz/Downloads/Programas Creados/deskflow-master/deskflow-m/build/Desktop_Qt_6_11_0_MSVC2022_64bit-Debug/vcpkg_installed/vcpkg/blds/gtest/src/v1.16.0-a2e0b328c1.clean. Use --editable to skip cleaning for the packages you specify.
-- Extracting source C:/Users/gersan.munoz/AppData/Local/vcpkg/downloads/google-googletest-v1.16.0.tar.gz
-- Applying patch 001-fix-UWP-death-test.patch
-- Applying patch clang-tidy-no-lint.patch
-- Applying patch fix-main-lib-path.patch
-- Using source at C:/Users/gersan.munoz/Downloads/Programas Creados/deskflow-master/deskflow-m/build/Desktop_Qt_6_11_0_MSVC2022_64bit-Debug/vcpkg_installed/vcpkg/blds/gtest/src/v1.16.0-a2e0b328c1.clean
-- Configuring x64-windows
CMake Error at scripts/cmake/vcpkg_execute_required_process.cmake:127 (message):
    Command failed: C:/Users/gersan.munoz/AppData/Local/vcpkg/downloads/tools/ninja/1.13.1-windows/ninja.exe -v
    Working Directory: C:/Users/gersan.munoz/Downloads/Programas Creados/deskflow-master/deskflow-m/build/Desktop_Qt_6_11_0_MSVC2022_64bit-Debug/vcpkg_installed/vcpkg/blds/gtest/x64-windows-rel/vcpkg-parallel-configure
    Error code: 1
    See logs for more information:
      C:\Users\gersan.munoz\Downloads\Programas Creados\deskflow-master\deskflow-m\build\Desktop_Qt_6_11_0_MSVC2022_64bit-Debug\vcpkg_installed\vcpkg\blds\gtest\config-x64-windows-dbg-CMakeCache.txt.log
      C:\Users\gersan.munoz\Downloads\Programas Creados\deskflow-master\deskflow-m\build\Desktop_Qt_6_11_0_MSVC2022_64bit-Debug\vcpkg_installed\vcpkg\blds\gtest\config-x64-windows-rel-CMakeCache.txt.log
      C:\Users\gersan.munoz\Downloads\Programas Creados\deskflow-master\deskflow-m\build\Desktop_Qt_6_11_0_MSVC2022_64bit-Debug\vcpkg_installed\vcpkg\blds\gtest\config-x64-windows-dbg-CMakeConfigureLog.yaml.log
      C:\Users\gersan.munoz\Downloads\Programas Creados\deskflow-master\deskflow-m\build\Desktop_Qt_6_11_0_MSVC2022_64bit-Debug\vcpkg_installed\vcpkg\blds\gtest\config-x64-windows-rel-CMakeConfigureLog.yaml.log
      C:\Users\gersan.munoz\Downloads\Programas Creados\deskflow-master\deskflow-m\build\Desktop_Qt_6_11_0_MSVC2022_64bit-Debug\vcpkg_installed\vcpkg\blds\gtest\config-x64-windows-out.log

Call Stack (most recent call first):
  C:/Users/gersan.munoz/Downloads/Programas Creados/deskflow-master/deskflow-m/build/Desktop_Qt_6_11_0_MSVC2022_64bit-Debug/vcpkg_installed/x64-windows/share/vcpkg-cmake/vcpkg_cmake_configure.cmake:269 (vcpkg_execute_required_process)
  C:/Users/gersan.munoz/AppData/Local/vcpkg/registries/git-trees/7448391582abd4a7d61248894ef2979c8f065813/portfile.cmake:19 (vcpkg_cmake_configure)
  scripts/ports.cmake:206 (include)


error: building gtest:x64-windows failed with: BUILD_FAILED
See https://learn.microsoft.com/vcpkg/troubleshoot/build-failures?WT.mc_id=vcpkg_inproduct_cli for more information.
Elapsed time to handle gtest:x64-windows: 2.1 s
Please ensure you're using the latest port files with `git pull` and `vcpkg update`.
Then check for known issues at:
  https://github.com/microsoft/vcpkg/issues?q=is%3Aissue+is%3Aopen+in%3Atitle+gtest
You can submit a new issue at:
  https://github.com/microsoft/vcpkg/issues/new?title=%5Bgtest%5D%20build%20error%20on%20x64-windows&body=Copy%20issue%20body%20from%20C%3A%2FUsers%2Fgersan.munoz%2FDownloads%2FProgramas%20Creados%2Fdeskflow-master%2Fdeskflow-m%2Fbuild%2FDesktop_Qt_6_11_0_MSVC2022_64bit-Debug%2Fvcpkg_installed%2Fvcpkg%2Fissue_body.md

