[1/2] "C:/Program Files/CMake/bin/cmake.exe" -E chdir "../../x64-windows-dbg" "C:/Program Files/CMake/bin/cmake.exe" "C:/Users/gersan.munoz/Downloads/Programas Creados/deskflow-master/Deskflow/build/Desktop_Qt_6_11_0_MSVC2022_64bit-Release/vcpkg_installed/x64-windows/share/vcpkg-cmake-get-vars/cmake_get_vars" "-G" "Ninja" "-DCMAKE_BUILD_TYPE=Debug" "-DCMAKE_INSTALL_PREFIX=C:/Users/gersan.munoz/Downloads/Programas Creados/deskflow-master/Deskflow/build/Desktop_Qt_6_11_0_MSVC2022_64bit-Release/vcpkg_installed/vcpkg/pkgs/openssl_x64-windows/debug" "-DFETCHCONTENT_FULLY_DISCONNECTED=ON" "-DCMAKE_MAKE_PROGRAM=C:/Users/gersan.munoz/AppData/Local/vcpkg/downloads/tools/ninja/1.13.1-windows/ninja.exe" "-DBUILD_SHARED_LIBS=ON" "-DVCPKG_CHAINLOAD_TOOLCHAIN_FILE=C:/Program Files/Microsoft Visual Studio/2022/Community/VC/vcpkg/scripts/toolchains/windows.cmake" "-DVCPKG_TARGET_TRIPLET=x64-windows" "-DVCPKG_SET_CHARSET_FLAG=ON" "-DVCPKG_PLATFORM_TOOLSET=v143" "-DCMAKE_EXPORT_NO_PACKAGE_REGISTRY=ON" "-DCMAKE_FIND_PACKAGE_NO_PACKAGE_REGISTRY=ON" "-DCMAKE_FIND_PACKAGE_NO_SYSTEM_PACKAGE_REGISTRY=ON" "-DCMAKE_INSTALL_SYSTEM_RUNTIME_LIBS_SKIP=TRUE" "-DCMAKE_VERBOSE_MAKEFILE=ON" "-DVCPKG_APPLOCAL_DEPS=OFF" "-DCMAKE_TOOLCHAIN_FILE=C:/Program Files/Microsoft Visual Studio/2022/Community/VC/vcpkg/scripts/buildsystems/vcpkg.cmake" "-DCMAKE_ERROR_ON_ABSOLUTE_INSTALL_DESTINATION=ON" "-DVCPKG_CXX_FLAGS=" "-DVCPKG_CXX_FLAGS_RELEASE=" "-DVCPKG_CXX_FLAGS_DEBUG=" "-DVCPKG_C_FLAGS=" "-DVCPKG_C_FLAGS_RELEASE=" "-DVCPKG_C_FLAGS_DEBUG=" "-DVCPKG_CRT_LINKAGE=dynamic" "-DVCPKG_LINKER_FLAGS=" "-DVCPKG_LINKER_FLAGS_RELEASE=" "-DVCPKG_LINKER_FLAGS_DEBUG=" "-DVCPKG_TARGET_ARCHITECTURE=x64" "-DCMAKE_INSTALL_LIBDIR:STRING=lib" "-DCMAKE_INSTALL_BINDIR:STRING=bin" "-D_VCPKG_ROOT_DIR=C:/Program Files/Microsoft Visual Studio/2022/Community/VC/vcpkg" "-D_VCPKG_INSTALLED_DIR=C:/Users/gersan.munoz/Downloads/Programas Creados/deskflow-master/Deskflow/build/Desktop_Qt_6_11_0_MSVC2022_64bit-Release/vcpkg_installed" "-DVCPKG_MANIFEST_INSTALL=OFF" "-DVCPKG_OUTPUT_FILE:PATH=C:/Users/gersan.munoz/Downloads/Programas Creados/deskflow-master/Deskflow/build/Desktop_Qt_6_11_0_MSVC2022_64bit-Release/vcpkg_installed/vcpkg/blds/openssl/cmake-get-vars-x64-windows-dbg.cmake.log"
FAILED: [code=1] ../../x64-windows-dbg/CMakeCache.txt 
"C:/Program Files/CMake/bin/cmake.exe" -E chdir "../../x64-windows-dbg" "C:/Program Files/CMake/bin/cmake.exe" "C:/Users/gersan.munoz/Downloads/Programas Creados/deskflow-master/Deskflow/build/Desktop_Qt_6_11_0_MSVC2022_64bit-Release/vcpkg_installed/x64-windows/share/vcpkg-cmake-get-vars/cmake_get_vars" "-G" "Ninja" "-DCMAKE_BUILD_TYPE=Debug" "-DCMAKE_INSTALL_PREFIX=C:/Users/gersan.munoz/Downloads/Programas Creados/deskflow-master/Deskflow/build/Desktop_Qt_6_11_0_MSVC2022_64bit-Release/vcpkg_installed/vcpkg/pkgs/openssl_x64-windows/debug" "-DFETCHCONTENT_FULLY_DISCONNECTED=ON" "-DCMAKE_MAKE_PROGRAM=C:/Users/gersan.munoz/AppData/Local/vcpkg/downloads/tools/ninja/1.13.1-windows/ninja.exe" "-DBUILD_SHARED_LIBS=ON" "-DVCPKG_CHAINLOAD_TOOLCHAIN_FILE=C:/Program Files/Microsoft Visual Studio/2022/Community/VC/vcpkg/scripts/toolchains/windows.cmake" "-DVCPKG_TARGET_TRIPLET=x64-windows" "-DVCPKG_SET_CHARSET_FLAG=ON" "-DVCPKG_PLATFORM_TOOLSET=v143" "-DCMAKE_EXPORT_NO_PACKAGE_REGISTRY=ON" "-DCMAKE_FIND_PACKAGE_NO_PACKAGE_REGISTRY=ON" "-DCMAKE_FIND_PACKAGE_NO_SYSTEM_PACKAGE_REGISTRY=ON" "-DCMAKE_INSTALL_SYSTEM_RUNTIME_LIBS_SKIP=TRUE" "-DCMAKE_VERBOSE_MAKEFILE=ON" "-DVCPKG_APPLOCAL_DEPS=OFF" "-DCMAKE_TOOLCHAIN_FILE=C:/Program Files/Microsoft Visual Studio/2022/Community/VC/vcpkg/scripts/buildsystems/vcpkg.cmake" "-DCMAKE_ERROR_ON_ABSOLUTE_INSTALL_DESTINATION=ON" "-DVCPKG_CXX_FLAGS=" "-DVCPKG_CXX_FLAGS_RELEASE=" "-DVCPKG_CXX_FLAGS_DEBUG=" "-DVCPKG_C_FLAGS=" "-DVCPKG_C_FLAGS_RELEASE=" "-DVCPKG_C_FLAGS_DEBUG=" "-DVCPKG_CRT_LINKAGE=dynamic" "-DVCPKG_LINKER_FLAGS=" "-DVCPKG_LINKER_FLAGS_RELEASE=" "-DVCPKG_LINKER_FLAGS_DEBUG=" "-DVCPKG_TARGET_ARCHITECTURE=x64" "-DCMAKE_INSTALL_LIBDIR:STRING=lib" "-DCMAKE_INSTALL_BINDIR:STRING=bin" "-D_VCPKG_ROOT_DIR=C:/Program Files/Microsoft Visual Studio/2022/Community/VC/vcpkg" "-D_VCPKG_INSTALLED_DIR=C:/Users/gersan.munoz/Downloads/Programas Creados/deskflow-master/Deskflow/build/Desktop_Qt_6_11_0_MSVC2022_64bit-Release/vcpkg_installed" "-DVCPKG_MANIFEST_INSTALL=OFF" "-DVCPKG_OUTPUT_FILE:PATH=C:/Users/gersan.munoz/Downloads/Programas Creados/deskflow-master/Deskflow/build/Desktop_Qt_6_11_0_MSVC2022_64bit-Release/vcpkg_installed/vcpkg/blds/openssl/cmake-get-vars-x64-windows-dbg.cmake.log"
-- The C compiler identification is MSVC 19.44.35228.0
-- The CXX compiler identification is MSVC 19.44.35228.0
-- Detecting C compiler ABI info
CMake Warning in C:/Users/gersan.munoz/Downloads/Programas Creados/deskflow-master/Deskflow/build/Desktop_Qt_6_11_0_MSVC2022_64bit-Release/vcpkg_installed/vcpkg/blds/openssl/x64-windows-dbg/CMakeFiles/CMakeScratch/TryCompile-74rpwc/CMakeLists.txt:
  The object file directory

    C:/Users/gersan.munoz/Downloads/Programas Creados/deskflow-master/Deskflow/build/Desktop_Qt_6_11_0_MSVC2022_64bit-Release/vcpkg_installed/vcpkg/blds/openssl/x64-windows-dbg/CMakeFiles/CMakeScratch/TryCompile-74rpwc/CMakeFiles/cmTC_52751.dir/./

  has 243 characters.  The maximum full path to an object file is 250
  characters (see CMAKE_OBJECT_PATH_MAX).  Object file

    f2101c13.obj

  cannot be safely placed under this directory.  The build may not work
  correctly.


-- Detecting C compiler ABI info - failed
-- Check for working C compiler: C:/Program Files/Microsoft Visual Studio/2022/Community/VC/Tools/MSVC/14.44.35207/bin/Hostx64/x64/cl.exe
CMake Warning in C:/Users/gersan.munoz/Downloads/Programas Creados/deskflow-master/Deskflow/build/Desktop_Qt_6_11_0_MSVC2022_64bit-Release/vcpkg_installed/vcpkg/blds/openssl/x64-windows-dbg/CMakeFiles/CMakeScratch/TryCompile-pdo8cq/CMakeLists.txt:
  The object file directory

    C:/Users/gersan.munoz/Downloads/Programas Creados/deskflow-master/Deskflow/build/Desktop_Qt_6_11_0_MSVC2022_64bit-Release/vcpkg_installed/vcpkg/blds/openssl/x64-windows-dbg/CMakeFiles/CMakeScratch/TryCompile-pdo8cq/CMakeFiles/cmTC_46c4a.dir/./

  has 243 characters.  The maximum full path to an object file is 250
  characters (see CMAKE_OBJECT_PATH_MAX).  Object file

    9b49cb7c.obj

  cannot be safely placed under this directory.  The build may not work
  correctly.


-- Check for working C compiler: C:/Program Files/Microsoft Visual Studio/2022/Community/VC/Tools/MSVC/14.44.35207/bin/Hostx64/x64/cl.exe - broken
CMake Error at C:/Program Files/CMake/share/cmake-4.3/Modules/CMakeTestCCompiler.cmake:67 (message):
  The C compiler

    "C:/Program Files/Microsoft Visual Studio/2022/Community/VC/Tools/MSVC/14.44.35207/bin/Hostx64/x64/cl.exe"

  is not able to compile a simple test program.

  It fails with the following output:

    Change Dir: 'C:/Users/gersan.munoz/Downloads/Programas Creados/deskflow-master/Deskflow/build/Desktop_Qt_6_11_0_MSVC2022_64bit-Release/vcpkg_installed/vcpkg/blds/openssl/x64-windows-dbg/CMakeFiles/CMakeScratch/TryCompile-pdo8cq'
    
    Run Build Command(s): C:/Users/gersan.munoz/AppData/Local/vcpkg/downloads/tools/ninja/1.13.1-windows/ninja.exe -v cmTC_46c4a
    [1/2] C:\PROGRA~1\MIB055~1\2022\COMMUN~1\VC\Tools\MSVC\1444~1.352\bin\Hostx64\x64\cl.exe  /nologo -D_MBCS  /nologo /DWIN32 /D_WINDOWS /utf-8 /MP   /MDd /Z7 /Ob0 /Od /RTC1  -MDd /showIncludes /FoCMakeFiles\cmTC_46c4a.dir\testCCompiler.c.obj /FdCMakeFiles\cmTC_46c4a.dir\ /FS -c "C:\Users\gersan.munoz\Downloads\Programas Creados\deskflow-master\Deskflow\build\Desktop_Qt_6_11_0_MSVC2022_64bit-Release\vcpkg_installed\vcpkg\blds\openssl\x64-windows-dbg\CMakeFiles\CMakeScratch\TryCompile-pdo8cq\testCCompiler.c"
    FAILED: [code=1] CMakeFiles/cmTC_46c4a.dir/testCCompiler.c.obj 
    C:\PROGRA~1\MIB055~1\2022\COMMUN~1\VC\Tools\MSVC\1444~1.352\bin\Hostx64\x64\cl.exe  /nologo -D_MBCS  /nologo /DWIN32 /D_WINDOWS /utf-8 /MP   /MDd /Z7 /Ob0 /Od /RTC1  -MDd /showIncludes /FoCMakeFiles\cmTC_46c4a.dir\testCCompiler.c.obj /FdCMakeFiles\cmTC_46c4a.dir\ /FS -c "C:\Users\gersan.munoz\Downloads\Programas Creados\deskflow-master\Deskflow\build\Desktop_Qt_6_11_0_MSVC2022_64bit-Release\vcpkg_installed\vcpkg\blds\openssl\x64-windows-dbg\CMakeFiles\CMakeScratch\TryCompile-pdo8cq\testCCompiler.c"
    C:\Users\gersan.munoz\Downloads\Programas Creados\deskflow-master\Deskflow\build\Desktop_Qt_6_11_0_MSVC2022_64bit-Release\vcpkg_installed\vcpkg\blds\openssl\x64-windows-dbg\CMakeFiles\CMakeScratch\TryCompile-pdo8cq\testCCompiler.c : fatal error C1083: No se puede abrir el archivo generado por el compilador: '': Invalid argument
    ninja: build stopped: subcommand failed.
    
    



  CMake will not be able to correctly generate this project.
Call Stack (most recent call first):
  CMakeLists.txt:15 (project)


-- Configuring incomplete, errors occurred!
[2/2] "C:/Program Files/CMake/bin/cmake.exe" -E chdir ".." "C:/Program Files/CMake/bin/cmake.exe" "C:/Users/gersan.munoz/Downloads/Programas Creados/deskflow-master/Deskflow/build/Desktop_Qt_6_11_0_MSVC2022_64bit-Release/vcpkg_installed/x64-windows/share/vcpkg-cmake-get-vars/cmake_get_vars" "-G" "Ninja" "-DCMAKE_BUILD_TYPE=Release" "-DCMAKE_INSTALL_PREFIX=C:/Users/gersan.munoz/Downloads/Programas Creados/deskflow-master/Deskflow/build/Desktop_Qt_6_11_0_MSVC2022_64bit-Release/vcpkg_installed/vcpkg/pkgs/openssl_x64-windows" "-DFETCHCONTENT_FULLY_DISCONNECTED=ON" "-DCMAKE_MAKE_PROGRAM=C:/Users/gersan.munoz/AppData/Local/vcpkg/downloads/tools/ninja/1.13.1-windows/ninja.exe" "-DBUILD_SHARED_LIBS=ON" "-DVCPKG_CHAINLOAD_TOOLCHAIN_FILE=C:/Program Files/Microsoft Visual Studio/2022/Community/VC/vcpkg/scripts/toolchains/windows.cmake" "-DVCPKG_TARGET_TRIPLET=x64-windows" "-DVCPKG_SET_CHARSET_FLAG=ON" "-DVCPKG_PLATFORM_TOOLSET=v143" "-DCMAKE_EXPORT_NO_PACKAGE_REGISTRY=ON" "-DCMAKE_FIND_PACKAGE_NO_PACKAGE_REGISTRY=ON" "-DCMAKE_FIND_PACKAGE_NO_SYSTEM_PACKAGE_REGISTRY=ON" "-DCMAKE_INSTALL_SYSTEM_RUNTIME_LIBS_SKIP=TRUE" "-DCMAKE_VERBOSE_MAKEFILE=ON" "-DVCPKG_APPLOCAL_DEPS=OFF" "-DCMAKE_TOOLCHAIN_FILE=C:/Program Files/Microsoft Visual Studio/2022/Community/VC/vcpkg/scripts/buildsystems/vcpkg.cmake" "-DCMAKE_ERROR_ON_ABSOLUTE_INSTALL_DESTINATION=ON" "-DVCPKG_CXX_FLAGS=" "-DVCPKG_CXX_FLAGS_RELEASE=" "-DVCPKG_CXX_FLAGS_DEBUG=" "-DVCPKG_C_FLAGS=" "-DVCPKG_C_FLAGS_RELEASE=" "-DVCPKG_C_FLAGS_DEBUG=" "-DVCPKG_CRT_LINKAGE=dynamic" "-DVCPKG_LINKER_FLAGS=" "-DVCPKG_LINKER_FLAGS_RELEASE=" "-DVCPKG_LINKER_FLAGS_DEBUG=" "-DVCPKG_TARGET_ARCHITECTURE=x64" "-DCMAKE_INSTALL_LIBDIR:STRING=lib" "-DCMAKE_INSTALL_BINDIR:STRING=bin" "-D_VCPKG_ROOT_DIR=C:/Program Files/Microsoft Visual Studio/2022/Community/VC/vcpkg" "-D_VCPKG_INSTALLED_DIR=C:/Users/gersan.munoz/Downloads/Programas Creados/deskflow-master/Deskflow/build/Desktop_Qt_6_11_0_MSVC2022_64bit-Release/vcpkg_installed" "-DVCPKG_MANIFEST_INSTALL=OFF" "-DVCPKG_OUTPUT_FILE:PATH=C:/Users/gersan.munoz/Downloads/Programas Creados/deskflow-master/Deskflow/build/Desktop_Qt_6_11_0_MSVC2022_64bit-Release/vcpkg_installed/vcpkg/blds/openssl/cmake-get-vars-x64-windows-rel.cmake.log"
FAILED: [code=1] ../CMakeCache.txt 
"C:/Program Files/CMake/bin/cmake.exe" -E chdir ".." "C:/Program Files/CMake/bin/cmake.exe" "C:/Users/gersan.munoz/Downloads/Programas Creados/deskflow-master/Deskflow/build/Desktop_Qt_6_11_0_MSVC2022_64bit-Release/vcpkg_installed/x64-windows/share/vcpkg-cmake-get-vars/cmake_get_vars" "-G" "Ninja" "-DCMAKE_BUILD_TYPE=Release" "-DCMAKE_INSTALL_PREFIX=C:/Users/gersan.munoz/Downloads/Programas Creados/deskflow-master/Deskflow/build/Desktop_Qt_6_11_0_MSVC2022_64bit-Release/vcpkg_installed/vcpkg/pkgs/openssl_x64-windows" "-DFETCHCONTENT_FULLY_DISCONNECTED=ON" "-DCMAKE_MAKE_PROGRAM=C:/Users/gersan.munoz/AppData/Local/vcpkg/downloads/tools/ninja/1.13.1-windows/ninja.exe" "-DBUILD_SHARED_LIBS=ON" "-DVCPKG_CHAINLOAD_TOOLCHAIN_FILE=C:/Program Files/Microsoft Visual Studio/2022/Community/VC/vcpkg/scripts/toolchains/windows.cmake" "-DVCPKG_TARGET_TRIPLET=x64-windows" "-DVCPKG_SET_CHARSET_FLAG=ON" "-DVCPKG_PLATFORM_TOOLSET=v143" "-DCMAKE_EXPORT_NO_PACKAGE_REGISTRY=ON" "-DCMAKE_FIND_PACKAGE_NO_PACKAGE_REGISTRY=ON" "-DCMAKE_FIND_PACKAGE_NO_SYSTEM_PACKAGE_REGISTRY=ON" "-DCMAKE_INSTALL_SYSTEM_RUNTIME_LIBS_SKIP=TRUE" "-DCMAKE_VERBOSE_MAKEFILE=ON" "-DVCPKG_APPLOCAL_DEPS=OFF" "-DCMAKE_TOOLCHAIN_FILE=C:/Program Files/Microsoft Visual Studio/2022/Community/VC/vcpkg/scripts/buildsystems/vcpkg.cmake" "-DCMAKE_ERROR_ON_ABSOLUTE_INSTALL_DESTINATION=ON" "-DVCPKG_CXX_FLAGS=" "-DVCPKG_CXX_FLAGS_RELEASE=" "-DVCPKG_CXX_FLAGS_DEBUG=" "-DVCPKG_C_FLAGS=" "-DVCPKG_C_FLAGS_RELEASE=" "-DVCPKG_C_FLAGS_DEBUG=" "-DVCPKG_CRT_LINKAGE=dynamic" "-DVCPKG_LINKER_FLAGS=" "-DVCPKG_LINKER_FLAGS_RELEASE=" "-DVCPKG_LINKER_FLAGS_DEBUG=" "-DVCPKG_TARGET_ARCHITECTURE=x64" "-DCMAKE_INSTALL_LIBDIR:STRING=lib" "-DCMAKE_INSTALL_BINDIR:STRING=bin" "-D_VCPKG_ROOT_DIR=C:/Program Files/Microsoft Visual Studio/2022/Community/VC/vcpkg" "-D_VCPKG_INSTALLED_DIR=C:/Users/gersan.munoz/Downloads/Programas Creados/deskflow-master/Deskflow/build/Desktop_Qt_6_11_0_MSVC2022_64bit-Release/vcpkg_installed" "-DVCPKG_MANIFEST_INSTALL=OFF" "-DVCPKG_OUTPUT_FILE:PATH=C:/Users/gersan.munoz/Downloads/Programas Creados/deskflow-master/Deskflow/build/Desktop_Qt_6_11_0_MSVC2022_64bit-Release/vcpkg_installed/vcpkg/blds/openssl/cmake-get-vars-x64-windows-rel.cmake.log"
-- The C compiler identification is MSVC 19.44.35228.0
-- The CXX compiler identification is MSVC 19.44.35228.0
-- Detecting C compiler ABI info
CMake Warning in C:/Users/gersan.munoz/Downloads/Programas Creados/deskflow-master/Deskflow/build/Desktop_Qt_6_11_0_MSVC2022_64bit-Release/vcpkg_installed/vcpkg/blds/openssl/x64-windows-rel/CMakeFiles/CMakeScratch/TryCompile-rr8bwu/CMakeLists.txt:
  The object file directory

    C:/Users/gersan.munoz/Downloads/Programas Creados/deskflow-master/Deskflow/build/Desktop_Qt_6_11_0_MSVC2022_64bit-Release/vcpkg_installed/vcpkg/blds/openssl/x64-windows-rel/CMakeFiles/CMakeScratch/TryCompile-rr8bwu/CMakeFiles/cmTC_500bd.dir/./

  has 243 characters.  The maximum full path to an object file is 250
  characters (see CMAKE_OBJECT_PATH_MAX).  Object file

    f2101c13.obj

  cannot be safely placed under this directory.  The build may not work
  correctly.


-- Detecting C compiler ABI info - failed
-- Check for working C compiler: C:/Program Files/Microsoft Visual Studio/2022/Community/VC/Tools/MSVC/14.44.35207/bin/Hostx64/x64/cl.exe
CMake Warning in C:/Users/gersan.munoz/Downloads/Programas Creados/deskflow-master/Deskflow/build/Desktop_Qt_6_11_0_MSVC2022_64bit-Release/vcpkg_installed/vcpkg/blds/openssl/x64-windows-rel/CMakeFiles/CMakeScratch/TryCompile-9mt88c/CMakeLists.txt:
  The object file directory

    C:/Users/gersan.munoz/Downloads/Programas Creados/deskflow-master/Deskflow/build/Desktop_Qt_6_11_0_MSVC2022_64bit-Release/vcpkg_installed/vcpkg/blds/openssl/x64-windows-rel/CMakeFiles/CMakeScratch/TryCompile-9mt88c/CMakeFiles/cmTC_b1940.dir/./

  has 243 characters.  The maximum full path to an object file is 250
  characters (see CMAKE_OBJECT_PATH_MAX).  Object file

    9b49cb7c.obj

  cannot be safely placed under this directory.  The build may not work
  correctly.


-- Check for working C compiler: C:/Program Files/Microsoft Visual Studio/2022/Community/VC/Tools/MSVC/14.44.35207/bin/Hostx64/x64/cl.exe - broken
CMake Error at C:/Program Files/CMake/share/cmake-4.3/Modules/CMakeTestCCompiler.cmake:67 (message):
  The C compiler

    "C:/Program Files/Microsoft Visual Studio/2022/Community/VC/Tools/MSVC/14.44.35207/bin/Hostx64/x64/cl.exe"

  is not able to compile a simple test program.

  It fails with the following output:

    Change Dir: 'C:/Users/gersan.munoz/Downloads/Programas Creados/deskflow-master/Deskflow/build/Desktop_Qt_6_11_0_MSVC2022_64bit-Release/vcpkg_installed/vcpkg/blds/openssl/x64-windows-rel/CMakeFiles/CMakeScratch/TryCompile-9mt88c'
    
    Run Build Command(s): C:/Users/gersan.munoz/AppData/Local/vcpkg/downloads/tools/ninja/1.13.1-windows/ninja.exe -v cmTC_b1940
    [1/2] C:\PROGRA~1\MIB055~1\2022\COMMUN~1\VC\Tools\MSVC\1444~1.352\bin\Hostx64\x64\cl.exe  /nologo -D_MBCS  /nologo /DWIN32 /D_WINDOWS /utf-8 /MP   /MDd /Z7 /Ob0 /Od /RTC1  -MDd /showIncludes /FoCMakeFiles\cmTC_b1940.dir\testCCompiler.c.obj /FdCMakeFiles\cmTC_b1940.dir\ /FS -c "C:\Users\gersan.munoz\Downloads\Programas Creados\deskflow-master\Deskflow\build\Desktop_Qt_6_11_0_MSVC2022_64bit-Release\vcpkg_installed\vcpkg\blds\openssl\x64-windows-rel\CMakeFiles\CMakeScratch\TryCompile-9mt88c\testCCompiler.c"
    FAILED: [code=1] CMakeFiles/cmTC_b1940.dir/testCCompiler.c.obj 
    C:\PROGRA~1\MIB055~1\2022\COMMUN~1\VC\Tools\MSVC\1444~1.352\bin\Hostx64\x64\cl.exe  /nologo -D_MBCS  /nologo /DWIN32 /D_WINDOWS /utf-8 /MP   /MDd /Z7 /Ob0 /Od /RTC1  -MDd /showIncludes /FoCMakeFiles\cmTC_b1940.dir\testCCompiler.c.obj /FdCMakeFiles\cmTC_b1940.dir\ /FS -c "C:\Users\gersan.munoz\Downloads\Programas Creados\deskflow-master\Deskflow\build\Desktop_Qt_6_11_0_MSVC2022_64bit-Release\vcpkg_installed\vcpkg\blds\openssl\x64-windows-rel\CMakeFiles\CMakeScratch\TryCompile-9mt88c\testCCompiler.c"
    C:\Users\gersan.munoz\Downloads\Programas Creados\deskflow-master\Deskflow\build\Desktop_Qt_6_11_0_MSVC2022_64bit-Release\vcpkg_installed\vcpkg\blds\openssl\x64-windows-rel\CMakeFiles\CMakeScratch\TryCompile-9mt88c\testCCompiler.c : fatal error C1083: No se puede abrir el archivo generado por el compilador: '': Invalid argument
    ninja: build stopped: subcommand failed.
    
    



  CMake will not be able to correctly generate this project.
Call Stack (most recent call first):
  CMakeLists.txt:15 (project)


-- Configuring incomplete, errors occurred!
ninja: build stopped: subcommand failed.
